// Jest Snapshot v1, https://goo.gl/fbAQLP

exports[`<MessageArea /> with no props should match the snapshot 1`] = `ShallowWrapper {}`;
