// Jest Snapshot v1, https://goo.gl/fbAQLP

exports[`<Login /> form should match the snapshot 1`] = `ShallowWrapper {}`;
